// Jest Snapshot v1, https://goo.gl/fbAQLP

exports[`sip-009-balance: sip-009-balance-SP2DXHX9Q844EBT80DYJXFWXJKCJ5FFAX50CQQAWN 1`] = `1`;

exports[`sip-009-balance: sip-009-balance-SP2N7SK0W83NJSZHFH8HH31ZT3DXJG7NFE5VYT9SJ 1`] = `0`;

exports[`sip-009-balance: sip-009-balance-SP3XD84X3PE79SHJAZCDW1V5E9EA8JSKRBPEKAEK7 1`] = `0`;
